Program
  List
    ParamFunc
      IntType
      IdDecl
      List
        Param
          IntType
          IdDecl
        Param
          IntType
          IdDecl
      List
        Declare
          IntType
          IdDecl
          Opt
            Numeral
        IfStmt
          Neq
            IdUse
            IdUse
          List
            Declare
              IntType
              IdDecl
              Opt
                IdUse
            ReturnStmt
              IdUse
          Opt
            ElseStmt
              List
                ReturnStmt
                  IdUse
        Assignment
          IdUse
          Numeral
        ReturnStmt
          IdUse
