Program
  List
    ParamFunc
      IdDecl
      List
        Param
          IdDecl
        Param
          IdDecl
      List
        Declare
          IdDecl
          Opt
            Numeral
        IfStmt
          Neq
            IdUse
            IdUse
          List
            Declare
              IdDecl
              Opt
                IdUse
            ReturnStmt
              IdUse
        Assignment
          IdUse
          Numeral
        ReturnStmt
          IdUse
